// Jest Snapshot v1, https://goo.gl/fbAQLP

exports[`Testimonials renders the status card unchanged 1`] = `
Object {
  "asFragment": [Function],
  "baseElement": <body>
    <div>
      <div
        class="container"
      >
        <div
          class="root"
        >
          <div
            class="testimonialProfile shadow-md"
          >
            <img
              class="imgCover imgFill"
              src="test-file-stub"
            />
          </div>
          <div
            class="speechWrapper"
          >
            <p
              class="speech shadow-md"
            >
              “Etiam facilisis ornare ligula, id feugiat ante laoreet eget. Class aptent taciti sociosqu ad litora torquent per conubia nostra, per inceptos himenaeos. Etiam sed dui et mauris faucibus suscipit. Duis maximus purus id tincidunt dictum. Sed feugiat diam ut enim sollicitudin vestibulum.”
            </p>
            <p
              class="clientName"
            >
              — Someone
            </p>
          </div>
        </div>
      </div>
    </div>
  </body>,
  "container": <div>
    <div
      class="container"
    >
      <div
        class="root"
      >
        <div
          class="testimonialProfile shadow-md"
        >
          <img
            class="imgCover imgFill"
            src="test-file-stub"
          />
        </div>
        <div
          class="speechWrapper"
        >
          <p
            class="speech shadow-md"
          >
            “Etiam facilisis ornare ligula, id feugiat ante laoreet eget. Class aptent taciti sociosqu ad litora torquent per conubia nostra, per inceptos himenaeos. Etiam sed dui et mauris faucibus suscipit. Duis maximus purus id tincidunt dictum. Sed feugiat diam ut enim sollicitudin vestibulum.”
          </p>
          <p
            class="clientName"
          >
            — Someone
          </p>
        </div>
      </div>
    </div>
  </div>,
  "debug": [Function],
  "findAllByAltText": [Function],
  "findAllByDisplayValue": [Function],
  "findAllByLabelText": [Function],
  "findAllByPlaceholderText": [Function],
  "findAllByRole": [Function],
  "findAllByTestId": [Function],
  "findAllByText": [Function],
  "findAllByTitle": [Function],
  "findByAltText": [Function],
  "findByDisplayValue": [Function],
  "findByLabelText": [Function],
  "findByPlaceholderText": [Function],
  "findByRole": [Function],
  "findByTestId": [Function],
  "findByText": [Function],
  "findByTitle": [Function],
  "getAllByAltText": [Function],
  "getAllByDisplayValue": [Function],
  "getAllByLabelText": [Function],
  "getAllByPlaceholderText": [Function],
  "getAllByRole": [Function],
  "getAllByTestId": [Function],
  "getAllByText": [Function],
  "getAllByTitle": [Function],
  "getByAltText": [Function],
  "getByDisplayValue": [Function],
  "getByLabelText": [Function],
  "getByPlaceholderText": [Function],
  "getByRole": [Function],
  "getByTestId": [Function],
  "getByText": [Function],
  "getByTitle": [Function],
  "queryAllByAltText": [Function],
  "queryAllByDisplayValue": [Function],
  "queryAllByLabelText": [Function],
  "queryAllByPlaceholderText": [Function],
  "queryAllByRole": [Function],
  "queryAllByTestId": [Function],
  "queryAllByText": [Function],
  "queryAllByTitle": [Function],
  "queryByAltText": [Function],
  "queryByDisplayValue": [Function],
  "queryByLabelText": [Function],
  "queryByPlaceholderText": [Function],
  "queryByRole": [Function],
  "queryByTestId": [Function],
  "queryByText": [Function],
  "queryByTitle": [Function],
  "rerender": [Function],
  "unmount": [Function],
}
`;
